Content-Type|multipart/form-data; boundary="RjYiyHVV9Phv7tYylzT1f94fvTC-s7oNKwB9_Y"
Parts-Count|1
Part-ContainsContents|pi|3.14159265358979323846264338327950288419716939937510
