Content-Type|multipart/form-data; boundary="ny9C5eIZL7fsfPY9ONPy8Lxb6tkgEv1"
Parts-Count|3
Part-ContainsContents|text|text default
Part-ContainsContents|file1|Content of a.txt
Part-ContainsContents|file2|<!DOCTYPE html><title>Content of a.html
Part-Filename|file1|a.txt
Part-Filename|file2|a.html
Part-Sha1sum|file1|588A0F273CB5AFE9C8D76DD081812E672F2061E2
Part-Sha1sum|file2|9A9005159AB90A6D2D9BACB5414EFE932F0CED85