Content-Type|multipart/form-data; boundary="UuAU1liVuDVE7wfJUYE72PUF9DZafZ"
Parts-Count|4
Part-ContainsContents|zalgo-8|y͔͕͍o̪̞͎̥͇̤̕u'̛̰̫̳̰v̧̘̪̠̟̟e̥͈̱ ̥̠͇͎͕̜s̤e̺e̙ͅņ̜ ̲̟͝za̴͖̱̲͈̘l͖̖͓̙̮͔g͕̞͖͘o͕̤͈̗ ̯̲̹̲͓b͙͟e̞͎̜̗͈͉̭͞f̸or̰̩e̡̝̺,̸͕̙̥̼͇̜ ̪͇̹r̘̪ͅị͔̥͈ͅg̠̟̯͖̦͇ht͖̪͍͚̖͡?͙̝͖̞
Part-ContainsContents|zalgo-16|y͔͕͍o̪̞͎̥͇̤̕u'̛̰̫̳̰v̧̘̪̠̟̟e̥͈̱ ̥̠͇͎͕̜s̤e̺e̙ͅņ̜ ̲̟͝za̴͖̱̲͈̘l͖̖͓̙̮͔g͕̞͖͘o͕̤͈̗ ̯̲̹̲͓b͙͟e̞͎̜̗͈͉̭͞f̸or̰̩e̡̝̺,̸͕̙̥̼͇̜ ̪͇̹r̘̪ͅị͔̥͈ͅg̠̟̯͖̦͇ht͖̪͍͚̖͡?͙̝͖̞
Part-ContainsContents|zalgo-16-be|y͔͕͍o̪̞͎̥͇̤̕u'̛̰̫̳̰v̧̘̪̠̟̟e̥͈̱ ̥̠͇͎͕̜s̤e̺e̙ͅņ̜ ̲̟͝za̴͖̱̲͈̘l͖̖͓̙̮͔g͕̞͖͘o͕̤͈̗ ̯̲̹̲͓b͙͟e̞͎̜̗͈͉̭͞f̸or̰̩e̡̝̺,̸͕̙̥̼͇̜ ̪͇̹r̘̪ͅị͔̥͈ͅg̠̟̯͖̦͇ht͖̪͍͚̖͡?͙̝͖̞
Part-ContainsContents|zalgo-16-le|y͔͕͍o̪̞͎̥͇̤̕u'̛̰̫̳̰v̧̘̪̠̟̟e̥͈̱ ̥̠͇͎͕̜s̤e̺e̙ͅņ̜ ̲̟͝za̴͖̱̲͈̘l͖̖͓̙̮͔g͕̞͖͘o͕̤͈̗ ̯̲̹̲͓b͙͟e̞͎̜̗͈͉̭͞f̸or̰̩e̡̝̺,̸͕̙̥̼͇̜ ̪͇̹r̘̪ͅị͔̥͈ͅg̠̟̯͖̦͇ht͖̪͍͚̖͡?͙̝͖̞


