Content-Type|multipart/form-data; boundary="1R40qTSaEjDJPcArQiccT7vdpp0l02248R"
Parts-Count|2
Part-ContainsContents|こんにちは世界|Greetings 1
Part-ContainsContents|%E3%81%93%E3%82%93%E3%81%AB%E3%81%A1%E3%81%AF%E4%B8%96%E7%95%8C|Greetings 2

