Content-Type| multipart/form-data; boundary="PMyKOsh8JrSZm-rUF8EJej42yqbh-UWw9FG"
Parts-Count|6
Part-ContainsContents|pi|3.14159265358979323846264338327950288419716939937510
Part-ContainsContents|company|bob & frank's shoe repair
Part-ContainsContents|power|ꬵо𝗋ⲥ𝖾
Part-ContainsContents|japanese|健治
Part-ContainsContents|hello|ャユ戆タ
Part-Filename|upload_file|filename
Part-Sha1sum|upload_file|e75b73644afe9b234d70da9ff225229de68cdff8
