Content-Type|multipart/form-data; boundary="mToTaXZk2RQZb6TrQRLOgqW-44MPpVbs5wyJTlyl"
Parts-Count|10
