Content-Type|multipart/form-data; boundary="94GJ2MW4vpjh92qj-CHjUUIwb9X8Y2LqkU2Yxn0vTU2oHy5jk6_Kpxn2aE9EokEiRGox4eWfAYP8-"
Parts-Count|4
Part-ContainsContents|reporter|<user@company.com>
Part-ContainsContents|timestamp|2018-03-21T19:00:18+00:00
Part-ContainsContents|comments|this also couldn't be parsed
Part-ContainsContents|attachment|cherry