Content-Type|multipart/form-data; boundary="P6Uyk-Vikfbk_NqTfVF4DwNXrIxpN451pD1"
Parts-Count|1
Part-ContainsContents|pi|3.14159265358979323846264338327950288419716939937510
