Content-Type|multipart/form-data; boundary="qjIkwQOhaYfC2VEcL5j-9sjEK1FIsYMd5"
Parts-Count|1
Part-ContainsContents|company|bob & frank's shoe repair


